
> web@0.1.0 build B:\AI PROJECTS\E3 WEBSITE\E3WEBSITE\apps\web
> prisma generate && prisma db push --accept-data-loss && next build

Prisma schema loaded from prisma\schema.prisma

✔ Generated Prisma Client (v5.22.0) to .\..\..\node_modules\.pnpm\@prisma+client@5.22.0_prisma@5.22.0\node_modules\@prisma\client in 651ms

Start by importing your Prisma Client (See: https://pris.ly/d/importing-client)

Tip: Interested in query caching in just a few lines of code? Try Accelerate today! https://pris.ly/tip-3-accelerate

┌─────────────────────────────────────────────────────────┐
│  Update available 5.22.0 -> 7.9.1                       │
│                                                         │
│  This is a major update - please follow the guide at    │
│  https://pris.ly/d/major-version-upgrade                │
│                                                         │
│  Run the following to update                            │
│    npm i --save-dev prisma@latest                       │
│    npm i @prisma/client@latest                          │
└─────────────────────────────────────────────────────────┘
Prisma schema loaded from prisma\schema.prisma
Datasource "db": PostgreSQL database

Error: Prisma schema validation - (get-config wasm)
Error code: P1012
error: Environment variable not found: DATABASE_URL.
  -->  prisma\schema.prisma:3
   | 
 2 |   provider = "postgresql"
 3 |   url      = env("DATABASE_URL")
   | 

Validation Error Count: 1
[Context: getConfig]

Prisma CLI Version : 5.22.0
 ELIFECYCLE  Command failed with exit code 1.
